WARNING: A terminally deprecated method in sun.misc.Unsafe has been called
WARNING: sun.misc.Unsafe::staticFieldBase has been called by com.google.inject.internal.aop.HiddenClassDefiner (file:/C:/Program%20Files/apache-maven-3.9.11/lib/guice-5.1.0-classes.jar)
WARNING: Please consider reporting this to the maintainers of class com.google.inject.internal.aop.HiddenClassDefiner
WARNING: sun.misc.Unsafe::staticFieldBase will be removed in a future release
[INFO] Scanning for projects...
[INFO] 
[INFO] -------------------< com.capstone:defense-scheduler >-------------------
[INFO] Building defense-scheduler 0.0.1-SNAPSHOT
[INFO]   from pom.xml
[INFO] --------------------------------[ jar ]---------------------------------
[INFO] 
[INFO] --- resources:3.3.1:resources (default-resources) @ defense-scheduler ---
[INFO] Copying 1 resource from src\main\resources to target\classes
[INFO] Copying 3 resources from src\main\resources to target\classes
[INFO] 
[INFO] --- compiler:3.14.1:compile (default-compile) @ defense-scheduler ---
[INFO] Recompiling the module because of changed source code.
[INFO] Compiling 141 source files with javac [debug parameters release 21] to target\classes
[INFO] /D:/ky7/SWD/capstone-defense-scheduler-backend/src/main/java/com/capstone/scheduler/security/SecurityConfig.java: D:\ky7\SWD\capstone-defense-scheduler-backend\src\main\java\com\capstone\scheduler\security\SecurityConfig.java uses or overrides a deprecated API.
[INFO] /D:/ky7/SWD/capstone-defense-scheduler-backend/src/main/java/com/capstone/scheduler/security/SecurityConfig.java: Recompile with -Xlint:deprecation for details.
[INFO] -------------------------------------------------------------
[ERROR] COMPILATION ERROR : 
[INFO] -------------------------------------------------------------
[ERROR] /D:/ky7/SWD/capstone-defense-scheduler-backend/src/main/java/com/capstone/scheduler/controller/DeviceController.java:[63,13] cannot find symbol
  symbol:   variable notificationService
  location: class com.capstone.scheduler.controller.DeviceController
[INFO] 1 error
[INFO] -------------------------------------------------------------
[INFO] ------------------------------------------------------------------------
[INFO] BUILD FAILURE
[INFO] ------------------------------------------------------------------------
[INFO] Total time:  7.088 s
[INFO] Finished at: 2026-03-12T21:44:50+07:00
[INFO] ------------------------------------------------------------------------
[ERROR] Failed to execute goal org.apache.maven.plugins:maven-compiler-plugin:3.14.1:compile (default-compile) on project defense-scheduler: Compilation failure
[ERROR] /D:/ky7/SWD/capstone-defense-scheduler-backend/src/main/java/com/capstone/scheduler/controller/DeviceController.java:[63,13] cannot find symbol
[ERROR]   symbol:   variable notificationService
[ERROR]   location: class com.capstone.scheduler.controller.DeviceController
[ERROR] 
[ERROR] -> [Help 1]
[ERROR] 
[ERROR] To see the full stack trace of the errors, re-run Maven with the -e switch.
[ERROR] Re-run Maven using the -X switch to enable full debug logging.
[ERROR] 
[ERROR] For more information about the errors and possible solutions, please read the following articles:
[ERROR] [Help 1] http://cwiki.apache.org/confluence/display/MAVEN/MojoFailureException
